Script started on Tue 11 Nov 2014 10:41:36 PM PST
~
cmanj001@hammer $ cd cs100/rshell
~/cs100/rshell
cmanj001@hammer $ bin/ls
bin        LICENSE    Makefile   README.md  rshell.out src        tests      

~/cs100/rshell
cmanj001@hammer $ bin/ls -a
.          ..         .git       bin        LICENSE    Makefile   README.md  
rshell.out src        tests      
~/cs100/rshell
cmanj001@hammer $ bin/ls -a[Kl
drwx------2 cmanj001 classes Tue Nov 11 22:35:42 2014 ./bin
-rw-------1 cmanj001 classes Tue Oct 21 21:33:07 2014 ./LICENSE
-rw-------1 cmanj001 classes Mon Nov 10 17:12:43 2014 ./Makefile
-rw-------1 cmanj001 classes Tue Oct 21 23:18:18 2014 ./README.md
-rwx------1 cmanj001 classes Mon Nov 10 02:04:00 2014 ./rshell.out
drwx------2 cmanj001 classes Tue Nov 11 22:34:59 2014 ./src
drwx------3 cmanj001 classes Tue Nov 11 22:40:41 2014 ./tests
~/cs100/rshell
cmanj001@hammer $ bin/ls -la
drwx------6 cmanj001 classes Tue Nov 11 22:39:32 2014 ./.
drwx------10 cmanj001 classes Mon Nov 10 11:35:08 2014 ./..
drwx------8 cmanj001 classes Tue Nov 11 21:25:49 2014 ./.git
drwx------2 cmanj001 classes Tue Nov 11 22:35:42 2014 ./bin
-rw-------1 cmanj001 classes Tue Oct 21 21:33:07 2014 ./LICENSE
-rw-------1 cmanj001 classes Mon Nov 10 17:12:43 2014 ./Makefile
-rw-------1 cmanj001 classes Tue Oct 21 23:18:18 2014 ./README.md
-rwx------1 cmanj001 classes Mon Nov 10 02:04:00 2014 ./rshell.out
drwx------2 cmanj001 classes Tue Nov 11 22:34:59 2014 ./src
drwx------3 cmanj001 classes Tue Nov 11 22:40:41 2014 ./tests
~/cs100/rshell
cmanj001@hammer $ bin/ls -la[K -a
drwx------6 cmanj001 classes Tue Nov 11 22:39:32 2014 ./.
drwx------10 cmanj001 classes Mon Nov 10 11:35:08 2014 ./..
drwx------8 cmanj001 classes Tue Nov 11 21:25:49 2014 ./.git
drwx------2 cmanj001 classes Tue Nov 11 22:35:42 2014 ./bin
-rw-------1 cmanj001 classes Tue Oct 21 21:33:07 2014 ./LICENSE
-rw-------1 cmanj001 classes Mon Nov 10 17:12:43 2014 ./Makefile
-rw-------1 cmanj001 classes Tue Oct 21 23:18:18 2014 ./README.md
-rwx------1 cmanj001 classes Mon Nov 10 02:04:00 2014 ./rshell.out
drwx------2 cmanj001 classes Tue Nov 11 22:34:59 2014 ./src
drwx------3 cmanj001 classes Tue Nov 11 22:40:41 2014 ./tests
~/cs100/rshell
cmanj001@hammer $ bin/ls -l -a[Kl -a -l -a
drwx------6 cmanj001 classes Tue Nov 11 22:39:32 2014 ./.
drwx------10 cmanj001 classes Mon Nov 10 11:35:08 2014 ./..
drwx------8 cmanj001 classes Tue Nov 11 21:25:49 2014 ./.git
drwx------2 cmanj001 classes Tue Nov 11 22:35:42 2014 ./bin
-rw-------1 cmanj001 classes Tue Oct 21 21:33:07 2014 ./LICENSE
-rw-------1 cmanj001 classes Mon Nov 10 17:12:43 2014 ./Makefile
-rw-------1 cmanj001 classes Tue Oct 21 23:18:18 2014 ./README.md
-rwx------1 cmanj001 classes Mon Nov 10 02:04:00 2014 ./rshell.out
drwx------2 cmanj001 classes Tue Nov 11 22:34:59 2014 ./src
drwx------3 cmanj001 classes Tue Nov 11 22:40:41 2014 ./tests
~/cs100/rshell
cmanj001@hammer $ bin/ls -l -l -a -l -a[K[K[K[K[K[K[K[K[K[K[K[K[KR tests #recursion will be run in tests for[Kle[Kder for s cript neatness.
tests: 
00000000222     02343           123             :945            
anotherfolder   exec.script     fileA           fileB           
garbage         random          randomness      ThisIsALongFile 
ThisIsAnother   typescript      {45894          

tests/anotherfolder: 
something     somethingelse 

~/cs100/rshell
cmanj001@hammer $ bin/ls -R tests #recursion will be run in tests folder for sccript neatness.[A[C[C[C[C[C[C[C[C[C[C[Cl -l -a -l -a[K
[K[A[C[C[C[C[C[C[C[C[C[C[C[C[C[C[C[C[C[C[C[C[C[C[C[C[C[C[C[C[C[C[C[C[C[C[C[C[C[C[C[K[K[K[K[K[K[K[K[K[K[K[K[K[Ktests -Ral
tests: 
drwx------3 cmanj001 classes Tue Nov 11 22:40:41 2014 tests/.
drwx------6 cmanj001 classes Tue Nov 11 22:39:32 2014 tests/..
-rw-------1 cmanj001 classes Mon Nov 10 20:31:07 2014 tests/00000000222
-rw-------1 cmanj001 classes Mon Nov 10 20:31:11 2014 tests/02343
-rw-------1 cmanj001 classes Mon Nov 10 20:31:14 2014 tests/123
-rw-------1 cmanj001 classes Mon Nov 10 20:31:18 2014 tests/:945
drwx------2 cmanj001 classes Tue Nov 11 04:47:45 2014 tests/anotherfolder
-rw-------1 cmanj001 classes Tue Oct 21 23:11:39 2014 tests/exec.script
-rw-------1 cmanj001 classes Mon Nov 10 20:30:51 2014 tests/fileA
-rw-------1 cmanj001 classes Mon Nov 10 20:30:56 2014 tests/fileB
-rw-------1 cmanj001 classes Mon Nov 10 20:31:03 2014 tests/garbage
-rw-------1 cmanj001 classes Mon Nov 10 20:31:00 2014 tests/random
-rw-------1 cmanj001 classes Mon Nov 10 20:31:28 2014 tests/randomness
-rw-------1 cmanj001 classes Mon Nov 10 20:30:42 2014 tests/ThisIsALongFile
-rw-------1 cmanj001 classes Mon Nov 10 20:30:47 2014 tests/ThisIsAnother
-rw-------1 cmanj001 classes Tue Nov 11 22:40:41 2014 tests/typescript
-rw-------1 cmanj001 classes Mon Nov 10 20:31:24 2014 tests/{45894

tests/anotherfolder: 
drwx------2 cmanj001 classes Tue Nov 11 04:47:45 2014 tests/anotherfolder/.
drwx------3 cmanj001 classes Tue Nov 11 22:40:41 2014 tests/anotherfolder/..
-rw-------1 cmanj001 classes Tue Nov 11 04:47:40 2014 tests/anotherfolder/something
-rw-------1 cmanj001 classes Tue Nov 11 04:47:45 2014 tests/anotherfolder/somethingelse

~/cs100/rshell
cmanj001@hammer $ bin/ls tests -Ral[1Pl[4h-[4l[4ha[4l[4h [4l
tests: 
drwx------3 cmanj001 classes Tue Nov 11 22:40:41 2014 tests/.
drwx------6 cmanj001 classes Tue Nov 11 22:39:32 2014 tests/..
-rw-------1 cmanj001 classes Mon Nov 10 20:31:07 2014 tests/00000000222
-rw-------1 cmanj001 classes Mon Nov 10 20:31:11 2014 tests/02343
-rw-------1 cmanj001 classes Mon Nov 10 20:31:14 2014 tests/123
-rw-------1 cmanj001 classes Mon Nov 10 20:31:18 2014 tests/:945
drwx------2 cmanj001 classes Tue Nov 11 04:47:45 2014 tests/anotherfolder
-rw-------1 cmanj001 classes Tue Oct 21 23:11:39 2014 tests/exec.script
-rw-------1 cmanj001 classes Mon Nov 10 20:30:51 2014 tests/fileA
-rw-------1 cmanj001 classes Mon Nov 10 20:30:56 2014 tests/fileB
-rw-------1 cmanj001 classes Mon Nov 10 20:31:03 2014 tests/garbage
-rw-------1 cmanj001 classes Mon Nov 10 20:31:00 2014 tests/random
-rw-------1 cmanj001 classes Mon Nov 10 20:31:28 2014 tests/randomness
-rw-------1 cmanj001 classes Mon Nov 10 20:30:42 2014 tests/ThisIsALongFile
-rw-------1 cmanj001 classes Mon Nov 10 20:30:47 2014 tests/ThisIsAnother
-rw-------1 cmanj001 classes Tue Nov 11 22:40:41 2014 tests/typescript
-rw-------1 cmanj001 classes Mon Nov 10 20:31:24 2014 tests/{45894

tests/anotherfolder: 
drwx------2 cmanj001 classes Tue Nov 11 04:47:45 2014 tests/anotherfolder/.
drwx------3 cmanj001 classes Tue Nov 11 22:40:41 2014 tests/anotherfolder/..
-rw-------1 cmanj001 classes Tue Nov 11 04:47:40 2014 tests/anotherfolder/something
-rw-------1 cmanj001 classes Tue Nov 11 04:47:45 2014 tests/anotherfolder/somethingelse

~/cs100/rshell
cmanj001@hammer $ bin/ls -a tests -Rl garbage
Input does not exist. Filename entered: garbage
~/cs100/rshell
cmanj001@hammer $ bin/ls -a tests -Rl garbage[K[K[K[K[K[K[Kexee[K[K[K[KRe[KEADME.md 
tests: 
drwx------3 cmanj001 classes Tue Nov 11 22:40:41 2014 tests/.
drwx------6 cmanj001 classes Tue Nov 11 22:39:32 2014 tests/..
-rw-------1 cmanj001 classes Mon Nov 10 20:31:07 2014 tests/00000000222
-rw-------1 cmanj001 classes Mon Nov 10 20:31:11 2014 tests/02343
-rw-------1 cmanj001 classes Mon Nov 10 20:31:14 2014 tests/123
-rw-------1 cmanj001 classes Mon Nov 10 20:31:18 2014 tests/:945
drwx------2 cmanj001 classes Tue Nov 11 04:47:45 2014 tests/anotherfolder
-rw-------1 cmanj001 classes Tue Oct 21 23:11:39 2014 tests/exec.script
-rw-------1 cmanj001 classes Mon Nov 10 20:30:51 2014 tests/fileA
-rw-------1 cmanj001 classes Mon Nov 10 20:30:56 2014 tests/fileB
-rw-------1 cmanj001 classes Mon Nov 10 20:31:03 2014 tests/garbage
-rw-------1 cmanj001 classes Mon Nov 10 20:31:00 2014 tests/random
-rw-------1 cmanj001 classes Mon Nov 10 20:31:28 2014 tests/randomness
-rw-------1 cmanj001 classes Mon Nov 10 20:30:42 2014 tests/ThisIsALongFile
-rw-------1 cmanj001 classes Mon Nov 10 20:30:47 2014 tests/ThisIsAnother
-rw-------1 cmanj001 classes Tue Nov 11 22:40:41 2014 tests/typescript
-rw-------1 cmanj001 classes Mon Nov 10 20:31:24 2014 tests/{45894

tests/anotherfolder: 
drwx------2 cmanj001 classes Tue Nov 11 04:47:45 2014 tests/anotherfolder/.
drwx------3 cmanj001 classes Tue Nov 11 22:40:41 2014 tests/anotherfolder/..
-rw-------1 cmanj001 classes Tue Nov 11 04:47:40 2014 tests/anotherfolder/something
-rw-------1 cmanj001 classes Tue Nov 11 04:47:45 2014 tests/anotherfolder/somethingelse

-rw-------1 cmanj001 classes Tue Oct 21 23:18:18 2014 README.md
~/cs100/rshell
cmanj001@hammer $ bin/ls -a tests -Rl README.md [K[K[K[K[K[K[K[K[K[K[K[K[K[K[K[K[K[K[K[K[K[K[Kgarbage README.md 
Input does not exist. Filename entered: garbage
~/cs100/rshell
cmanj001@hammer $ bin/ls garbage README.md [K[K[K[K[K[K[K[K[K[K[K[K[K[K[K[K[K[KLICENSE -alR
-rw-------1 cmanj001 classes Tue Oct 21 21:33:07 2014 LICENSE
~/cs100/rshell
cmanj001@hammer $ bin/ls LICENSE -alR[K[K[Kal[K[Kl -R
-rw-------1 cmanj001 classes Tue Oct 21 21:33:07 2014 LICENSE
~/cs100/rshell
cmanj001@hammer $ bin/ls LICENSE -l -R[K[K[K[K[K[K[K[K[K[K[K[K[K.
bin        LICENSE    Makefile   README.md  rshell.out src        tests      

~/cs100/rshell
cmanj001@hammer $ bin/ls ..
firstrepo lab02     lab03     lab04     lab5      rshell    rshell-1  
ucr-cs100 
~/cs100/rshell
cmanj001@hammer $ bin/ls .. README.md tests
firstrepo lab02     lab03     lab04     lab5      rshell    rshell-1  
ucr-cs100 
README.md

00000000222     02343           123             :945            
anotherfolder   exec.script     fileA           fileB           
garbage         random          randomness      ThisIsALongFile 
ThisIsAnother   typescript      {45894          
~/cs100/rshell
cmanj001@hammer $ bin/ls .. README.md tests -l
drwx------3 cmanj001 classes Mon Oct 13 12:47:27 2014 ../firstrepo
drwx------2 cmanj001 classes Mon Oct 20 13:18:40 2014 ../lab02
drwx------4 cmanj001 classes Mon Oct 27 12:58:23 2014 ../lab03
drwx------3 cmanj001 classes Mon Nov 10 18:14:14 2014 ../lab04
drwx------2 cmanj001 classes Mon Nov  3 14:04:42 2014 ../lab5
drwx------6 cmanj001 classes Tue Nov 11 22:39:32 2014 ../rshell
drwx------5 cmanj001 classes Mon Nov  3 14:05:38 2014 ../rshell-1
drwx------9 cmanj001 classes Mon Nov 10 16:31:31 2014 ../ucr-cs100
-rw-------1 cmanj001 classes Tue Oct 21 23:18:18 2014 README.md
-rw-------1 cmanj001 classes Mon Nov 10 20:31:07 2014 tests/00000000222
-rw-------1 cmanj001 classes Mon Nov 10 20:31:11 2014 tests/02343
-rw-------1 cmanj001 classes Mon Nov 10 20:31:14 2014 tests/123
-rw-------1 cmanj001 classes Mon Nov 10 20:31:18 2014 tests/:945
drwx------2 cmanj001 classes Tue Nov 11 04:47:45 2014 tests/anotherfolder
-rw-------1 cmanj001 classes Tue Oct 21 23:11:39 2014 tests/exec.script
-rw-------1 cmanj001 classes Mon Nov 10 20:30:51 2014 tests/fileA
-rw-------1 cmanj001 classes Mon Nov 10 20:30:56 2014 tests/fileB
-rw-------1 cmanj001 classes Mon Nov 10 20:31:03 2014 tests/garbage
-rw-------1 cmanj001 classes Mon Nov 10 20:31:00 2014 tests/random
-rw-------1 cmanj001 classes Mon Nov 10 20:31:28 2014 tests/randomness
-rw-------1 cmanj001 classes Mon Nov 10 20:30:42 2014 tests/ThisIsALongFile
-rw-------1 cmanj001 classes Mon Nov 10 20:30:47 2014 tests/ThisIsAnother
-rw-------1 cmanj001 classes Tue Nov 11 22:40:41 2014 tests/typescript
-rw-------1 cmanj001 classes Mon Nov 10 20:31:24 2014 tests/{45894
~/cs100/rshell
cmanj001@hammer $ bin/ls .. README.md tests -l[C[C[C[C[C[C[C[C[C[C[C[C[C[C[C[C[C[C[Kbin/ls .. README.md tests -l[K[K h[Kgarbage
Input does not exist. Filename entered: garbage
~/cs100/rshell
cmanj001@hammer $ bin/ls .. garbage[K[K[K[K[K[K[K[K[K[K-llllll
drwx------2 cmanj001 classes Tue Nov 11 22:35:42 2014 ./bin
-rw-------1 cmanj001 classes Tue Oct 21 21:33:07 2014 ./LICENSE
-rw-------1 cmanj001 classes Mon Nov 10 17:12:43 2014 ./Makefile
-rw-------1 cmanj001 classes Tue Oct 21 23:18:18 2014 ./README.md
-rwx------1 cmanj001 classes Mon Nov 10 02:04:00 2014 ./rshell.out
drwx------2 cmanj001 classes Tue Nov 11 22:44:09 2014 ./src
drwx------3 cmanj001 classes Tue Nov 11 22:40:41 2014 ./tests
~/cs100/rshell
cmanj001@hammer $ bin/ls -llllll[K[K[K[K[KaRr[K[KRRa[K[K[Klala
drwx------6 cmanj001 classes Tue Nov 11 22:39:32 2014 ./.
drwx------10 cmanj001 classes Mon Nov 10 11:35:08 2014 ./..
drwx------8 cmanj001 classes Tue Nov 11 21:25:49 2014 ./.git
drwx------2 cmanj001 classes Tue Nov 11 22:35:42 2014 ./bin
-rw-------1 cmanj001 classes Tue Oct 21 21:33:07 2014 ./LICENSE
-rw-------1 cmanj001 classes Mon Nov 10 17:12:43 2014 ./Makefile
-rw-------1 cmanj001 classes Tue Oct 21 23:18:18 2014 ./README.md
-rwx------1 cmanj001 classes Mon Nov 10 02:04:00 2014 ./rshell.out
drwx------2 cmanj001 classes Tue Nov 11 22:44:09 2014 ./src
drwx------3 cmanj001 classes Tue Nov 11 22:40:41 2014 ./tests
~/cs100/rshell
cmanj001@hammer $ bin/ls -lalala[K[K[K[K[K[K[Ktests -r
Invalid option --- 'r' 
~/cs100/rshell
cmanj001@hammer $ bin/ls tests -r[Kere[K[K[K[K[K[K[K[K[K[K[K[K[K[K[K[K[Kexit
exit

Script done on Tue 11 Nov 2014 10:45:57 PM PST
