Script started on Fri 05 Dec 2014 06:24:14 PM PST
~
cmanj001@hammer $ cd rs[K[Kcs100/rshell
~/cs100/rshell
cmanj001@hammer $ PATH=$PATH:~/opt/bin[K[K[K[K[K[K[Kcs100/rshellb[K/bin/ #adding custom m[Kpath with custon l[K[K[Km ls
~/cs100/rshell
cmanj001@hammer $ bin/rshell
cmanj001 $ ls
a.out  cat		 execute_cmd.sh  LICENSE   README     remove.cpp  somefile  tests
bin    checksyscalls.sh  fff		 Makefile  README.md  rshell.out  src
cmanj001 $ cat
something
something
^Ccmanj001 $ pwd
/class/classes/cmanj001/cs100/rshell
cmanj001 $ ^C^C^C^C^C^C^C^Cpwd
/class/classes/cmanj001/cs100/rshell
cmanj001 $ ^C^C^C^Cls
a.out  cat		 execute_cmd.sh  LICENSE   README     remove.cpp  somefile  tests
bin    checksyscalls.sh  fff		 Makefile  README.md  rshell.out  src
cmanj001 $ cd   ..
cmanj001 $ pwd
/class/classes/cmanj001/cs100
cmanj001 $ cd   rshell && pwd
/class/classes/cmanj001/cs100/rshell
cmanj001 $ cd READMEN .md
README.md is not a valid directory.
cmanj001 $ cd garbage
stat: No such file or directory
cmanj001 $ top
[H[2J[mtop - 18:26:27 up 22 days, 23:46, 35 users,  load average: 1.38, 1.35, 1.29[m[m[K
Tasks:[m[m[m 852 [m[mtotal,[m[m[m   1 [m[mrunning,[m[m[m 851 [m[msleeping,[m[m[m   0 [m[mstopped,[m[m[m   0 [m[mzombie[m[m[K
Cpu(s):[m[m[m  0.0%[m[mus,[m[m[m  0.0%[m[msy,[m[m[m  0.0%[m[mni,[m[m[m 99.9%[m[mid,[m[m[m  0.0%[m[mwa,[m[m[m  0.0%[m[mhi,[m[m[m  0.0%[m[msi,[m[m[m  0.0%[m[mst[m[m[K
Mem: [m[m[m 264524916k [m[mtotal,[m[m[m 14975140k [m[mused,[m[m[m 249549776k [m[mfree,[m[m[m   424340k [m[mbuffers[m[m[K
Swap:[m[m[m 27585532k [m[mtotal,[m[m[m        0k [m[mused,[m[m[m 27585532k [m[mfree,[m[m[m  8091980k [m[mcached[m[m[K
[6;1H
[7m  PID USER      PR  NI  VIRT  RES  SHR S %CPU %MEM    TIME+  COMMAND                                                          [m[m[K
[m[m46558 cmanj001  20   0 19816 1856  920 R  5.6  0.0   0:00.04 top                                                              [m[m
[m    1 root      20   0 23596 1604 1268 S  0.0  0.0   0:06.92 init                                                             [m[m
[m    2 root      20   0     0    0    0 S  0.0  0.0   0:00.19 kthreadd                                                         [m[m
[m    3 root      RT   0     0    0    0 S  0.0  0.0   0:00.17 migration/0                                                      [m[m
[m    4 root      20   0     0    0    0 S  0.0  0.0   0:01.21 ksoftirqd/0                                                      [m[m
[m    5 root      RT   0     0    0    0 S  0.0  0.0   0:00.00 stopper/0                                                        [m[m
[m    6 root      RT   0     0    0    0 S  0.0  0.0   0:01.51 watchdog/0                                                       [m[m
[m    7 root      RT   0     0    0    0 S  0.0  0.0   0:00.76 migration/1                                                      [m[m[6;1H[K[16;1H
cmanj001 $ ls
a.out  cat		 execute_cmd.sh  LICENSE   README     remove.cpp  somefile  tests
bin    checksyscalls.sh  fff		 Makefile  README.md  rshell.out  src
cmanj001 $ exit
~/cs100/rshell
cmanj001@hammer $ exit[K[K[K[Kbin/rshell
cmanj001 $ bin/rshell
cmanj001 $ ls  exit
cmanj001 $ exit
~/cs100/rshell
cmanj001@hammer $ exit
exit

Script done on Fri 05 Dec 2014 06:26:58 PM PST
